Archive member included to satisfy reference by file (symbol)

/home/jaguar/Embedded_Rel/IDEs_Dir/STM32CubeIDE/stm32cube_install_dir/plugins/com.st.stm32cube.ide.mcu.externaltools.gnu-tools-for-stm32.7-2018-q2-update.linux64_1.0.0.201904181610/tools/bin/../lib/gcc/arm-none-eabi/7.3.1/../../../../arm-none-eabi/lib/thumb/v7e-m/fpv4-sp/hard/libc_nano.a(lib_a-errno.o)
                              Core/Src/syscalls.o (__errno)
/home/jaguar/Embedded_Rel/IDEs_Dir/STM32CubeIDE/stm32cube_install_dir/plugins/com.st.stm32cube.ide.mcu.externaltools.gnu-tools-for-stm32.7-2018-q2-update.linux64_1.0.0.201904181610/tools/bin/../lib/gcc/arm-none-eabi/7.3.1/../../../../arm-none-eabi/lib/thumb/v7e-m/fpv4-sp/hard/libc_nano.a(lib_a-exit.o)
                              /home/jaguar/Embedded_Rel/IDEs_Dir/STM32CubeIDE/stm32cube_install_dir/plugins/com.st.stm32cube.ide.mcu.externaltools.gnu-tools-for-stm32.7-2018-q2-update.linux64_1.0.0.201904181610/tools/bin/../lib/gcc/arm-none-eabi/7.3.1/../../../../arm-none-eabi/lib/thumb/v7e-m/fpv4-sp/hard/crt0.o (exit)
/home/jaguar/Embedded_Rel/IDEs_Dir/STM32CubeIDE/stm32cube_install_dir/plugins/com.st.stm32cube.ide.mcu.externaltools.gnu-tools-for-stm32.7-2018-q2-update.linux64_1.0.0.201904181610/tools/bin/../lib/gcc/arm-none-eabi/7.3.1/../../../../arm-none-eabi/lib/thumb/v7e-m/fpv4-sp/hard/libc_nano.a(lib_a-impure.o)
                              /home/jaguar/Embedded_Rel/IDEs_Dir/STM32CubeIDE/stm32cube_install_dir/plugins/com.st.stm32cube.ide.mcu.externaltools.gnu-tools-for-stm32.7-2018-q2-update.linux64_1.0.0.201904181610/tools/bin/../lib/gcc/arm-none-eabi/7.3.1/../../../../arm-none-eabi/lib/thumb/v7e-m/fpv4-sp/hard/libc_nano.a(lib_a-exit.o) (_global_impure_ptr)
/home/jaguar/Embedded_Rel/IDEs_Dir/STM32CubeIDE/stm32cube_install_dir/plugins/com.st.stm32cube.ide.mcu.externaltools.gnu-tools-for-stm32.7-2018-q2-update.linux64_1.0.0.201904181610/tools/bin/../lib/gcc/arm-none-eabi/7.3.1/../../../../arm-none-eabi/lib/thumb/v7e-m/fpv4-sp/hard/libc_nano.a(lib_a-init.o)
                              /home/jaguar/Embedded_Rel/IDEs_Dir/STM32CubeIDE/stm32cube_install_dir/plugins/com.st.stm32cube.ide.mcu.externaltools.gnu-tools-for-stm32.7-2018-q2-update.linux64_1.0.0.201904181610/tools/bin/../lib/gcc/arm-none-eabi/7.3.1/../../../../arm-none-eabi/lib/thumb/v7e-m/fpv4-sp/hard/crt0.o (__libc_init_array)
/home/jaguar/Embedded_Rel/IDEs_Dir/STM32CubeIDE/stm32cube_install_dir/plugins/com.st.stm32cube.ide.mcu.externaltools.gnu-tools-for-stm32.7-2018-q2-update.linux64_1.0.0.201904181610/tools/bin/../lib/gcc/arm-none-eabi/7.3.1/../../../../arm-none-eabi/lib/thumb/v7e-m/fpv4-sp/hard/libc_nano.a(lib_a-malloc.o)
                              Middlewares/ST/STM32_USB_Host_Library/Class/CDC/Src/usbh_cdc.o (malloc)
/home/jaguar/Embedded_Rel/IDEs_Dir/STM32CubeIDE/stm32cube_install_dir/plugins/com.st.stm32cube.ide.mcu.externaltools.gnu-tools-for-stm32.7-2018-q2-update.linux64_1.0.0.201904181610/tools/bin/../lib/gcc/arm-none-eabi/7.3.1/../../../../arm-none-eabi/lib/thumb/v7e-m/fpv4-sp/hard/libc_nano.a(lib_a-memset.o)
                              /home/jaguar/Embedded_Rel/IDEs_Dir/STM32CubeIDE/stm32cube_install_dir/plugins/com.st.stm32cube.ide.mcu.externaltools.gnu-tools-for-stm32.7-2018-q2-update.linux64_1.0.0.201904181610/tools/bin/../lib/gcc/arm-none-eabi/7.3.1/../../../../arm-none-eabi/lib/thumb/v7e-m/fpv4-sp/hard/crt0.o (memset)
/home/jaguar/Embedded_Rel/IDEs_Dir/STM32CubeIDE/stm32cube_install_dir/plugins/com.st.stm32cube.ide.mcu.externaltools.gnu-tools-for-stm32.7-2018-q2-update.linux64_1.0.0.201904181610/tools/bin/../lib/gcc/arm-none-eabi/7.3.1/../../../../arm-none-eabi/lib/thumb/v7e-m/fpv4-sp/hard/libc_nano.a(lib_a-nano-freer.o)
                              /home/jaguar/Embedded_Rel/IDEs_Dir/STM32CubeIDE/stm32cube_install_dir/plugins/com.st.stm32cube.ide.mcu.externaltools.gnu-tools-for-stm32.7-2018-q2-update.linux64_1.0.0.201904181610/tools/bin/../lib/gcc/arm-none-eabi/7.3.1/../../../../arm-none-eabi/lib/thumb/v7e-m/fpv4-sp/hard/libc_nano.a(lib_a-malloc.o) (_free_r)
/home/jaguar/Embedded_Rel/IDEs_Dir/STM32CubeIDE/stm32cube_install_dir/plugins/com.st.stm32cube.ide.mcu.externaltools.gnu-tools-for-stm32.7-2018-q2-update.linux64_1.0.0.201904181610/tools/bin/../lib/gcc/arm-none-eabi/7.3.1/../../../../arm-none-eabi/lib/thumb/v7e-m/fpv4-sp/hard/libc_nano.a(lib_a-nano-mallocr.o)
                              /home/jaguar/Embedded_Rel/IDEs_Dir/STM32CubeIDE/stm32cube_install_dir/plugins/com.st.stm32cube.ide.mcu.externaltools.gnu-tools-for-stm32.7-2018-q2-update.linux64_1.0.0.201904181610/tools/bin/../lib/gcc/arm-none-eabi/7.3.1/../../../../arm-none-eabi/lib/thumb/v7e-m/fpv4-sp/hard/libc_nano.a(lib_a-malloc.o) (_malloc_r)
/home/jaguar/Embedded_Rel/IDEs_Dir/STM32CubeIDE/stm32cube_install_dir/plugins/com.st.stm32cube.ide.mcu.externaltools.gnu-tools-for-stm32.7-2018-q2-update.linux64_1.0.0.201904181610/tools/bin/../lib/gcc/arm-none-eabi/7.3.1/../../../../arm-none-eabi/lib/thumb/v7e-m/fpv4-sp/hard/libc_nano.a(lib_a-sbrkr.o)
[...]
Memory Configuration

Name             Origin             Length             Attributes
CCMRAM           0x0000000010000000 0x0000000000010000 xrw
RAM              0x0000000020000000 0x0000000000020000 xrw
FLASH            0x0000000008000000 0x0000000000100000 xr
*default*        0x0000000000000000 0xffffffffffffffff

Linker script and memory map

LOAD /home/jaguar/Embedded_Rel/IDEs_Dir/STM32CubeIDE/stm32cube_install_dir/plugins/com.st.stm32cube.ide.mcu.externaltools.gnu-tools-for-stm32.7-2018-q2-update.linux64_1.0.0.201904181610/tools/bin/../lib/gcc/arm-none-eabi/7.3.1/thumb/v7e-m/fpv4-sp/hard/crti.o
LOAD /home/jaguar/Embedded_Rel/IDEs_Dir/STM32CubeIDE/stm32cube_install_dir/plugins/com.st.stm32cube.ide.mcu.externaltools.gnu-tools-for-stm32.7-2018-q2-update.linux64_1.0.0.201904181610/tools/bin/../lib/gcc/arm-none-eabi/7.3.1/thumb/v7e-m/fpv4-sp/hard/crtbegin.o
LOAD /home/jaguar/Embedded_Rel/IDEs_Dir/STM32CubeIDE/stm32cube_install_dir/plugins/com.st.stm32cube.ide.mcu.externaltools.gnu-tools-for-stm32.7-2018-q2-update.linux64_1.0.0.201904181610/tools/bin/../lib/gcc/arm-none-eabi/7.3.1/../../../../arm-none-eabi/lib/thumb/v7e-m/fpv4-sp/hard/crt0.o
LOAD Core/Src/main.o
LOAD Core/Src/stm32f4xx_hal_msp.o
LOAD Core/Src/stm32f4xx_it.o
LOAD Core/Src/syscalls.o
LOAD Core/Src/sysmem.o
LOAD Core/Src/system_stm32f4xx.o
LOAD Core/Startup/startup_stm32f407vgtx.o
LOAD Drivers/BSP/Components/cs43l22/cs43l22.o
LOAD Drivers/BSP/STM32F4-Discovery/stm32f4_discovery.o
LOAD Drivers/STM32F4xx_HAL_Driver/Src/stm32f4xx_hal.o
LOAD Drivers/STM32F4xx_HAL_Driver/Src/stm32f4xx_hal_cortex.o
LOAD Drivers/STM32F4xx_HAL_Driver/Src/stm32f4xx_hal_dma.o
LOAD Drivers/STM32F4xx_HAL_Driver/Src/stm32f4xx_hal_dma_ex.o
LOAD Drivers/STM32F4xx_HAL_Driver/Src/stm32f4xx_hal_exti.o
LOAD Drivers/STM32F4xx_HAL_Driver/Src/stm32f4xx_hal_flash.o
LOAD Drivers/STM32F4xx_HAL_Driver/Src/stm32f4xx_hal_flash_ex.o
LOAD Drivers/STM32F4xx_HAL_Driver/Src/stm32f4xx_hal_flash_ramfunc.o
LOAD Drivers/STM32F4xx_HAL_Driver/Src/stm32f4xx_hal_gpio.o
LOAD Drivers/STM32F4xx_HAL_Driver/Src/stm32f4xx_hal_hcd.o
LOAD Drivers/STM32F4xx_HAL_Driver/Src/stm32f4xx_hal_i2c.o
LOAD Drivers/STM32F4xx_HAL_Driver/Src/stm32f4xx_hal_i2c_ex.o
LOAD Drivers/STM32F4xx_HAL_Driver/Src/stm32f4xx_hal_i2s.o
LOAD Drivers/STM32F4xx_HAL_Driver/Src/stm32f4xx_hal_i2s_ex.o
LOAD Drivers/STM32F4xx_HAL_Driver/Src/stm32f4xx_hal_pwr.o
LOAD Drivers/STM32F4xx_HAL_Driver/Src/stm32f4xx_hal_pwr_ex.o
LOAD Drivers/STM32F4xx_HAL_Driver/Src/stm32f4xx_hal_rcc.o
LOAD Drivers/STM32F4xx_HAL_Driver/Src/stm32f4xx_hal_rcc_ex.o
LOAD Drivers/STM32F4xx_HAL_Driver/Src/stm32f4xx_hal_spi.o
LOAD Drivers/STM32F4xx_HAL_Driver/Src/stm32f4xx_hal_tim.o
LOAD Drivers/STM32F4xx_HAL_Driver/Src/stm32f4xx_hal_tim_ex.o
LOAD Drivers/STM32F4xx_HAL_Driver/Src/stm32f4xx_ll_usb.o
LOAD Middlewares/ST/STM32_USB_Host_Library/Class/CDC/Src/usbh_cdc.o
LOAD Middlewares/ST/STM32_USB_Host_Library/Core/Src/usbh_core.o
LOAD Middlewares/ST/STM32_USB_Host_Library/Core/Src/usbh_ctlreq.o
LOAD Middlewares/ST/STM32_USB_Host_Library/Core/Src/usbh_ioreq.o
LOAD Middlewares/ST/STM32_USB_Host_Library/Core/Src/usbh_pipes.o
LOAD USB_HOST/App/usb_host.o
LOAD USB_HOST/Target/usbh_conf.o
LOAD USB_HOST/Target/usbh_platform.o
START GROUP
LOAD /home/jaguar/Embedded_Rel/IDEs_Dir/STM32CubeIDE/stm32cube_install_dir/plugins/com.st.stm32cube.ide.mcu.externaltools.gnu-tools-for-stm32.7-2018-q2-update.linux64_1.0.0.201904181610/tools/bin/../lib/gcc/arm-none-eabi/7.3.1/../../../../arm-none-eabi/lib/thumb/v7e-m/fpv4-sp/hard/libc_nano.a
LOAD /home/jaguar/Embedded_Rel/IDEs_Dir/STM32CubeIDE/stm32cube_install_dir/plugins/com.st.stm32cube.ide.mcu.externaltools.gnu-tools-for-stm32.7-2018-q2-update.linux64_1.0.0.201904181610/tools/bin/../lib/gcc/arm-none-eabi/7.3.1/../../../../arm-none-eabi/lib/thumb/v7e-m/fpv4-sp/hard/libm.a
END GROUP
START GROUP
LOAD /home/jaguar/Embedded_Rel/IDEs_Dir/STM32CubeIDE/stm32cube_install_dir/plugins/com.st.stm32cube.ide.mcu.externaltools.gnu-tools-for-stm32.7-2018-q2-update.linux64_1.0.0.201904181610/tools/bin/../lib/gcc/arm-none-eabi/7.3.1/thumb/v7e-m/fpv4-sp/hard/libgcc.a
LOAD /home/jaguar/Embedded_Rel/IDEs_Dir/STM32CubeIDE/stm32cube_install_dir/plugins/com.st.stm32cube.ide.mcu.externaltools.gnu-tools-for-stm32.7-2018-q2-update.linux64_1.0.0.201904181610/tools/bin/../lib/gcc/arm-none-eabi/7.3.1/../../../../arm-none-eabi/lib/thumb/v7e-m/fpv4-sp/hard/libc_nano.a
END GROUP
START GROUP
LOAD /home/jaguar/Embedded_Rel/IDEs_Dir/STM32CubeIDE/stm32cube_install_dir/plugins/com.st.stm32cube.ide.mcu.externaltools.gnu-tools-for-stm32.7-2018-q2-update.linux64_1.0.0.201904181610/tools/bin/../lib/gcc/arm-none-eabi/7.3.1/thumb/v7e-m/fpv4-sp/hard/libgcc.a
LOAD /home/jaguar/Embedded_Rel/IDEs_Dir/STM32CubeIDE/stm32cube_install_dir/plugins/com.st.stm32cube.ide.mcu.externaltools.gnu-tools-for-stm32.7-2018-q2-update.linux64_1.0.0.201904181610/tools/bin/../lib/gcc/arm-none-eabi/7.3.1/../../../../arm-none-eabi/lib/thumb/v7e-m/fpv4-sp/hard/libc_nano.a
LOAD /home/jaguar/Embedded_Rel/IDEs_Dir/STM32CubeIDE/stm32cube_install_dir/plugins/com.st.stm32cube.ide.mcu.externaltools.gnu-tools-for-stm32.7-2018-q2-update.linux64_1.0.0.201904181610/tools/bin/../lib/gcc/arm-none-eabi/7.3.1/../../../../arm-none-eabi/lib/thumb/v7e-m/fpv4-sp/hard/libnosys.a
END GROUP
START GROUP
LOAD /home/jaguar/Embedded_Rel/IDEs_Dir/STM32CubeIDE/stm32cube_install_dir/plugins/com.st.stm32cube.ide.mcu.externaltools.gnu-tools-for-stm32.7-2018-q2-update.linux64_1.0.0.201904181610/tools/bin/../lib/gcc/arm-none-eabi/7.3.1/thumb/v7e-m/fpv4-sp/hard/libgcc.a
LOAD /home/jaguar/Embedded_Rel/IDEs_Dir/STM32CubeIDE/stm32cube_install_dir/plugins/com.st.stm32cube.ide.mcu.externaltools.gnu-tools-for-stm32.7-2018-q2-update.linux64_1.0.0.201904181610/tools/bin/../lib/gcc/arm-none-eabi/7.3.1/../../../../arm-none-eabi/lib/thumb/v7e-m/fpv4-sp/hard/libc_nano.a
LOAD /home/jaguar/Embedded_Rel/IDEs_Dir/STM32CubeIDE/stm32cube_install_dir/plugins/com.st.stm32cube.ide.mcu.externaltools.gnu-tools-for-stm32.7-2018-q2-update.linux64_1.0.0.201904181610/tools/bin/../lib/gcc/arm-none-eabi/7.3.1/../../../../arm-none-eabi/lib/thumb/v7e-m/fpv4-sp/hard/libnosys.a
END GROUP
LOAD /home/jaguar/Embedded_Rel/IDEs_Dir/STM32CubeIDE/stm32cube_install_dir/plugins/com.st.stm32cube.ide.mcu.externaltools.gnu-tools-for-stm32.7-2018-q2-update.linux64_1.0.0.201904181610/tools/bin/../lib/gcc/arm-none-eabi/7.3.1/thumb/v7e-m/fpv4-sp/hard/crtend.o
LOAD /home/jaguar/Embedded_Rel/IDEs_Dir/STM32CubeIDE/stm32cube_install_dir/plugins/com.st.stm32cube.ide.mcu.externaltools.gnu-tools-for-stm32.7-2018-q2-update.linux64_1.0.0.201904181610/tools/bin/../lib/gcc/arm-none-eabi/7.3.1/thumb/v7e-m/fpv4-sp/hard/crtn.o
                0x0000000020020000                _estack = (ORIGIN (RAM) + LENGTH (RAM))
                0x0000000000000200                _Min_Heap_Size = 0x200
                0x0000000000000400                _Min_Stack_Size = 0x400

.isr_vector     0x0000000008000000      0x188
                0x0000000008000000                . = ALIGN (0x4)
 *(.isr_vector)
 .isr_vector    0x0000000008000000      0x188 Core/Startup/startup_stm32f407vgtx.o
                0x0000000008000000                g_pfnVectors
                0x0000000008000188                . = ALIGN (0x4)

.text           0x0000000008000188     0x482c
                0x0000000008000188                . = ALIGN (0x4)
 *(.text)
 .text          0x0000000008000188       0x40 /home/jaguar/Embedded_Rel/IDEs_Dir/STM32CubeIDE/stm32cube_install_dir/plugins/com.st.stm32cube.ide.mcu.externaltools.gnu-tools-for-stm32.7-2018-q2-update.linux64_1.0.0.201904181610/tools/bin/../lib/gcc/arm-none-eabi/7.3.1/thumb/v7e-m/fpv4-sp/hard/crtbegin.o
 .text          0x00000000080001c8       0x30 /home/jaguar/Embedded_Rel/IDEs_Dir/STM32CubeIDE/stm32cube_install_dir/plugins/com.st.stm32cube.ide.mcu.externaltools.gnu-tools-for-stm32.7-2018-q2-update.linux64_1.0.0.201904181610/tools/bin/../lib/gcc/arm-none-eabi/7.3.1/thumb/v7e-m/fpv4-sp/hard/libgcc.a(_aeabi_uldivmod.o)
                0x00000000080001c8                __aeabi_uldivmod
 .text          0x00000000080001f8      0x2cc /home/jaguar/Embedded_Rel/IDEs_Dir/STM32CubeIDE/stm32cube_install_dir/plugins/com.st.stm32cube.ide.mcu.externaltools.gnu-tools-for-stm32.7-2018-q2-update.linux64_1.0.0.201904181610/tools/bin/../lib/gcc/arm-none-eabi/7.3.1/thumb/v7e-m/fpv4-sp/hard/libgcc.a(_udivmoddi4.o)
                0x00000000080001f8                __udivmoddi4
 .text          0x00000000080004c4        0x4 /home/jaguar/Embedded_Rel/IDEs_Dir/STM32CubeIDE/stm32cube_install_dir/plugins/com.st.stm32cube.ide.mcu.externaltools.gnu-tools-for-stm32.7-2018-q2-update.linux64_1.0.0.201904181610/tools/bin/../lib/gcc/arm-none-eabi/7.3.1/thumb/v7e-m/fpv4-sp/hard/libgcc.a(_dvmd_tls.o)
                0x00000000080004c4                __aeabi_ldiv0
                0x00000000080004c4                __aeabi_idiv0
 *(.text*)
 .text.AudioIN_clock_config
                0x00000000080004c8       0x58 Core/Src/main.o
                0x00000000080004c8                AudioIN_clock_config
 .text.main     0x0000000008000520       0xd4 Core/Src/main.o
                0x0000000008000520                main
 .text.SystemClock_Config
                0x00000000080005f4      0x104 Core/Src/main.o
                0x00000000080005f4                SystemClock_Config
 .text.MX_I2C1_Init
                0x00000000080006f8       0x5c Core/Src/main.o
 .text.MX_I2S3_Init
                0x0000000008000754       0x60 Core/Src/main.o
 .text.MX_SPI1_Init
                0x00000000080007b4       0x6c Core/Src/main.o
 .text.MX_GPIO_Init
                0x0000000008000820      0x1fc Core/Src/main.o
 .text.Error_Handler
                0x0000000008000a1c        0xe Core/Src/main.o
                0x0000000008000a1c                Error_Handler
 *fill*         0x0000000008000a2a        0x2 
 .text.HAL_MspInit
                0x0000000008000a2c       0x50 Core/Src/stm32f4xx_hal_msp.o
                0x0000000008000a2c                HAL_MspInit
 .text.HAL_I2C_MspInit
                0x0000000008000a7c       0x90 Core/Src/stm32f4xx_hal_msp.o
                0x0000000008000a7c                HAL_I2C_MspInit
 .text.HAL_I2S_MspInit
                0x0000000008000b0c      0x14c Core/Src/stm32f4xx_hal_msp.o
                0x0000000008000b0c                HAL_I2S_MspInit
 .text.HAL_SPI_MspInit
                0x0000000008000c58       0x90 Core/Src/stm32f4xx_hal_msp.o
                0x0000000008000c58                HAL_SPI_MspInit
 .text.NMI_Handler
                0x0000000008000ce8        0xe Core/Src/stm32f4xx_it.o
                0x0000000008000ce8                NMI_Handler
 .text.HardFault_Handler
                0x0000000008000cf6        0x6 Core/Src/stm32f4xx_it.o
                0x0000000008000cf6                HardFault_Handler
 .text.MemManage_Handler
                0x0000000008000cfc        0x6 Core/Src/stm32f4xx_it.o
                0x0000000008000cfc                MemManage_Handler
 .text.BusFault_Handler
                0x0000000008000d02        0x6 Core/Src/stm32f4xx_it.o
                0x0000000008000d02                BusFault_Handler
 .text.UsageFault_Handler
                0x0000000008000d08        0x6 Core/Src/stm32f4xx_it.o
                0x0000000008000d08                UsageFault_Handler
 .text.SVC_Handler
                0x0000000008000d0e        0xe Core/Src/stm32f4xx_it.o
                0x0000000008000d0e                SVC_Handler
 .text.DebugMon_Handler
                0x0000000008000d1c        0xe Core/Src/stm32f4xx_it.o
                0x0000000008000d1c                DebugMon_Handler
 .text.PendSV_Handler
                0x0000000008000d2a        0xe Core/Src/stm32f4xx_it.o
                0x0000000008000d2a                PendSV_Handler
 .text.SysTick_Handler
                0x0000000008000d38        0xc Core/Src/stm32f4xx_it.o
                0x0000000008000d38                SysTick_Handler
 .text.OTG_FS_IRQHandler
                0x0000000008000d44       0x14 Core/Src/stm32f4xx_it.o
                0x0000000008000d44                OTG_FS_IRQHandler
 .text.SPI2_IRQHandler
                0x0000000008000d58       0x3c Core/Src/stm32f4xx_it.o
                0x0000000008000d58                SPI2_IRQHandler
 .text.SystemInit
                0x0000000008000d94       0x2c Core/Src/system_stm32f4xx.o
                0x0000000008000d94                SystemInit
 .text.Reset_Handler
                0x0000000008000dc0       0x50 Core/Startup/startup_stm32f407vgtx.o
                0x0000000008000dc0                Reset_Handler
 .text.Default_Handler
                0x0000000008000e10        0x2 Core/Startup/startup_stm32f407vgtx.o
                0x0000000008000e10                RTC_Alarm_IRQHandler
                0x0000000008000e10                HASH_RNG_IRQHandler
                0x0000000008000e10                EXTI2_IRQHandler
                0x0000000008000e10                TIM8_CC_IRQHandler
                0x0000000008000e10                TIM1_CC_IRQHandler
                0x0000000008000e10                DMA2_Stream5_IRQHandler
                0x0000000008000e10                DMA1_Stream5_IRQHandler
                0x0000000008000e10                PVD_IRQHandler
                0x0000000008000e10                SDIO_IRQHandler
                0x0000000008000e10                TAMP_STAMP_IRQHandler
                0x0000000008000e10                CAN2_RX1_IRQHandler
                0x0000000008000e10                EXTI3_IRQHandler
                0x0000000008000e10                TIM8_TRG_COM_TIM14_IRQHandler
                0x0000000008000e10                TIM1_UP_TIM10_IRQHandler
                0x0000000008000e10                TIM8_UP_TIM13_IRQHandler
                0x0000000008000e10                I2C3_ER_IRQHandler
                0x0000000008000e10                EXTI0_IRQHandler
                0x0000000008000e10                I2C2_EV_IRQHandler
                0x0000000008000e10                DMA1_Stream2_IRQHandler
                0x0000000008000e10                CAN1_RX0_IRQHandler
                0x0000000008000e10                FPU_IRQHandler
                0x0000000008000e10                OTG_HS_WKUP_IRQHandler
                0x0000000008000e10                CAN2_SCE_IRQHandler
                0x0000000008000e10                DMA2_Stream2_IRQHandler
                0x0000000008000e10                SPI1_IRQHandler
                0x0000000008000e10                TIM6_DAC_IRQHandler
                0x0000000008000e10                TIM1_BRK_TIM9_IRQHandler
                0x0000000008000e10                DCMI_IRQHandler
                0x0000000008000e10                CAN2_RX0_IRQHandler
                0x0000000008000e10                DMA2_Stream3_IRQHandler
                0x0000000008000e10                USART6_IRQHandler
                0x0000000008000e10                USART3_IRQHandler
                0x0000000008000e10                CAN1_RX1_IRQHandler
                0x0000000008000e10                UART5_IRQHandler
                0x0000000008000e10                DMA2_Stream0_IRQHandler
                0x0000000008000e10                TIM4_IRQHandler
                0x0000000008000e10                I2C1_EV_IRQHandler
                0x0000000008000e10                DMA1_Stream6_IRQHandler
                0x0000000008000e10                DMA1_Stream1_IRQHandler
                0x0000000008000e10                UART4_IRQHandler
                0x0000000008000e10                TIM3_IRQHandler
                0x0000000008000e10                RCC_IRQHandler
                0x0000000008000e10                TIM8_BRK_TIM12_IRQHandler
                0x0000000008000e10                Default_Handler
                0x0000000008000e10                EXTI15_10_IRQHandler
                0x0000000008000e10                ADC_IRQHandler
                0x0000000008000e10                DMA1_Stream7_IRQHandler
                0x0000000008000e10                TIM7_IRQHandler
                0x0000000008000e10                CAN2_TX_IRQHandler
                0x0000000008000e10                TIM5_IRQHandler
                0x0000000008000e10                DMA2_Stream7_IRQHandler
                0x0000000008000e10                I2C3_EV_IRQHandler
                0x0000000008000e10                EXTI9_5_IRQHandler
                0x0000000008000e10                RTC_WKUP_IRQHandler
                0x0000000008000e10                ETH_WKUP_IRQHandler
                0x0000000008000e10                OTG_HS_EP1_IN_IRQHandler
                0x0000000008000e10                DMA1_Stream0_IRQHandler
                0x0000000008000e10                CAN1_TX_IRQHandler
                0x0000000008000e10                EXTI4_IRQHandler
                0x0000000008000e10                FSMC_IRQHandler
                0x0000000008000e10                ETH_IRQHandler
                0x0000000008000e10                OTG_HS_EP1_OUT_IRQHandler
                0x0000000008000e10                WWDG_IRQHandler
                0x0000000008000e10                TIM2_IRQHandler
                0x0000000008000e10                OTG_FS_WKUP_IRQHandler
                0x0000000008000e10                TIM1_TRG_COM_TIM11_IRQHandler
                0x0000000008000e10                OTG_HS_IRQHandler
                0x0000000008000e10                EXTI1_IRQHandler
                0x0000000008000e10                USART2_IRQHandler
                0x0000000008000e10                I2C2_ER_IRQHandler
                0x0000000008000e10                DMA2_Stream1_IRQHandler
                0x0000000008000e10                CAN1_SCE_IRQHandler
                0x0000000008000e10                FLASH_IRQHandler
                0x0000000008000e10                DMA2_Stream4_IRQHandler
                0x0000000008000e10                USART1_IRQHandler
                0x0000000008000e10                SPI3_IRQHandler
                0x0000000008000e10                DMA1_Stream4_IRQHandler
                0x0000000008000e10                I2C1_ER_IRQHandler
                0x0000000008000e10                DMA2_Stream6_IRQHandler
                0x0000000008000e10                DMA1_Stream3_IRQHandler
 *fill*         0x0000000008000e12        0x2 
 .text.BSP_LED_Init
                0x0000000008000e14       0xf0 Drivers/BSP/STM32F4-Discovery/stm32f4_discovery.o
                0x0000000008000e14                BSP_LED_Init
 .text.BSP_LED_Toggle
                0x0000000008000f04       0x30 Drivers/BSP/STM32F4-Discovery/stm32f4_discovery.o
                0x0000000008000f04                BSP_LED_Toggle
 .text.HAL_Init
                0x0000000008000f34       0x44 Drivers/STM32F4xx_HAL_Driver/Src/stm32f4xx_hal.o
                0x0000000008000f34                HAL_Init
 .text.HAL_InitTick
                0x0000000008000f78       0x60 Drivers/STM32F4xx_HAL_Driver/Src/stm32f4xx_hal.o
                0x0000000008000f78                HAL_InitTick
 .text.HAL_IncTick
                0x0000000008000fd8       0x28 Drivers/STM32F4xx_HAL_Driver/Src/stm32f4xx_hal.o
                0x0000000008000fd8                HAL_IncTick
 .text.HAL_GetTick
                0x0000000008001000       0x18 Drivers/STM32F4xx_HAL_Driver/Src/stm32f4xx_hal.o
                0x0000000008001000                HAL_GetTick
 .text.__NVIC_SetPriorityGrouping
                0x0000000008001018       0x48 Drivers/STM32F4xx_HAL_Driver/Src/stm32f4xx_hal_cortex.o
 .text.__NVIC_GetPriorityGrouping
                0x0000000008001060       0x1c Drivers/STM32F4xx_HAL_Driver/Src/stm32f4xx_hal_cortex.o
 .text.__NVIC_EnableIRQ
                0x000000000800107c       0x3c Drivers/STM32F4xx_HAL_Driver/Src/stm32f4xx_hal_cortex.o
 .text.__NVIC_SetPriority
                0x00000000080010b8       0x54 Drivers/STM32F4xx_HAL_Driver/Src/stm32f4xx_hal_cortex.o
 .text.NVIC_EncodePriority
                0x000000000800110c       0x66 Drivers/STM32F4xx_HAL_Driver/Src/stm32f4xx_hal_cortex.o
 *fill*         0x0000000008001172        0x2 
 .text.SysTick_Config
                0x0000000008001174       0x44 Drivers/STM32F4xx_HAL_Driver/Src/stm32f4xx_hal_cortex.o
 .text.HAL_NVIC_SetPriorityGrouping
                0x00000000080011b8       0x16 Drivers/STM32F4xx_HAL_Driver/Src/stm32f4xx_hal_cortex.o
                0x00000000080011b8                HAL_NVIC_SetPriorityGrouping
 .text.HAL_NVIC_SetPriority
                0x00000000080011ce       0x38 Drivers/STM32F4xx_HAL_Driver/Src/stm32f4xx_hal_cortex.o
                0x00000000080011ce                HAL_NVIC_SetPriority
 .text.HAL_NVIC_EnableIRQ
                0x0000000008001206       0x1c Drivers/STM32F4xx_HAL_Driver/Src/stm32f4xx_hal_cortex.o
                0x0000000008001206                HAL_NVIC_EnableIRQ
 .text.HAL_SYSTICK_Config
                0x0000000008001222       0x18 Drivers/STM32F4xx_HAL_Driver/Src/stm32f4xx_hal_cortex.o
                0x0000000008001222                HAL_SYSTICK_Config
 *fill*         0x000000000800123a        0x2 
 .text.HAL_GPIO_Init
                0x000000000800123c      0x334 Drivers/STM32F4xx_HAL_Driver/Src/stm32f4xx_hal_gpio.o
                0x000000000800123c                HAL_GPIO_Init
 .text.HAL_GPIO_WritePin
                0x0000000008001570       0x32 Drivers/STM32F4xx_HAL_Driver/Src/stm32f4xx_hal_gpio.o
                0x0000000008001570                HAL_GPIO_WritePin
 .text.HAL_GPIO_TogglePin
                0x00000000080015a2       0x36 Drivers/STM32F4xx_HAL_Driver/Src/stm32f4xx_hal_gpio.o
                0x00000000080015a2                HAL_GPIO_TogglePin
 .text.HAL_HCD_IRQHandler
                0x00000000080015d8      0x20c Drivers/STM32F4xx_HAL_Driver/Src/stm32f4xx_hal_hcd.o
                0x00000000080015d8                HAL_HCD_IRQHandler
 .text.HAL_HCD_Start
                0x00000000080017e4       0x46 Drivers/STM32F4xx_HAL_Driver/Src/stm32f4xx_hal_hcd.o
                0x00000000080017e4                HAL_HCD_Start
 .text.HAL_HCD_Stop
                0x000000000800182a       0x3a Drivers/STM32F4xx_HAL_Driver/Src/stm32f4xx_hal_hcd.o
                0x000000000800182a                HAL_HCD_Stop
 .text.HCD_HC_IN_IRQHandler
                0x0000000008001864      0x72e Drivers/STM32F4xx_HAL_Driver/Src/stm32f4xx_hal_hcd.o
 .text.HCD_HC_OUT_IRQHandler
                0x0000000008001f92      0x6ea Drivers/STM32F4xx_HAL_Driver/Src/stm32f4xx_hal_hcd.o
 .text.HCD_RXQLVL_IRQHandler
                0x000000000800267c      0x158 Drivers/STM32F4xx_HAL_Driver/Src/stm32f4xx_hal_hcd.o
 .text.HCD_Port_IRQHandler
                0x00000000080027d4      0x120 Drivers/STM32F4xx_HAL_Driver/Src/stm32f4xx_hal_hcd.o
 .text.HAL_I2C_Init
                0x00000000080028f4      0x270 Drivers/STM32F4xx_HAL_Driver/Src/stm32f4xx_hal_i2c.o
                0x00000000080028f4                HAL_I2C_Init
 .text.HAL_I2S_Init
                0x0000000008002b64      0x280 Drivers/STM32F4xx_HAL_Driver/Src/stm32f4xx_hal_i2s.o
                0x0000000008002b64                HAL_I2S_Init
 .text.HAL_I2S_IRQHandler
                0x0000000008002de4       0x18 Drivers/STM32F4xx_HAL_Driver/Src/stm32f4xx_hal_i2s.o
                0x0000000008002de4                HAL_I2S_IRQHandler
 .text.HAL_I2S_TxCpltCallback
                0x0000000008002dfc       0x14 Drivers/STM32F4xx_HAL_Driver/Src/stm32f4xx_hal_i2s.o
                0x0000000008002dfc                HAL_I2S_TxCpltCallback
 .text.HAL_I2S_RxCpltCallback
                0x0000000008002e10       0x14 Drivers/STM32F4xx_HAL_Driver/Src/stm32f4xx_hal_i2s.o
                0x0000000008002e10                HAL_I2S_RxCpltCallback
 .text.HAL_I2S_ErrorCallback
                0x0000000008002e24       0x14 Drivers/STM32F4xx_HAL_Driver/Src/stm32f4xx_hal_i2s.o
                0x0000000008002e24                HAL_I2S_ErrorCallback
 .text.I2S_Transmit_IT
                0x0000000008002e38       0x5c Drivers/STM32F4xx_HAL_Driver/Src/stm32f4xx_hal_i2s.o
 .text.I2S_Receive_IT
                0x0000000008002e94       0x5e Drivers/STM32F4xx_HAL_Driver/Src/stm32f4xx_hal_i2s.o
 .text.I2S_IRQHandler
                0x0000000008002ef2      0x114 Drivers/STM32F4xx_HAL_Driver/Src/stm32f4xx_hal_i2s.o
 *fill*         0x0000000008003006        0x2 
 .text.HAL_I2SEx_FullDuplex_IRQHandler
                0x0000000008003008      0x2a8 Drivers/STM32F4xx_HAL_Driver/Src/stm32f4xx_hal_i2s_ex.o
                0x0000000008003008                HAL_I2SEx_FullDuplex_IRQHandler
 .text.HAL_I2SEx_TxRxCpltCallback
                0x00000000080032b0       0x14 Drivers/STM32F4xx_HAL_Driver/Src/stm32f4xx_hal_i2s_ex.o
                0x00000000080032b0                HAL_I2SEx_TxRxCpltCallback
 .text.I2SEx_TxISR_I2S
                0x00000000080032c4       0x62 Drivers/STM32F4xx_HAL_Driver/Src/stm32f4xx_hal_i2s_ex.o
 *fill*         0x0000000008003326        0x2 
 .text.I2SEx_TxISR_I2SExt
                0x0000000008003328       0x98 Drivers/STM32F4xx_HAL_Driver/Src/stm32f4xx_hal_i2s_ex.o
 .text.I2SEx_RxISR_I2S
                0x00000000080033c0       0x64 Drivers/STM32F4xx_HAL_Driver/Src/stm32f4xx_hal_i2s_ex.o
 .text.I2SEx_RxISR_I2SExt
                0x0000000008003424       0x98 Drivers/STM32F4xx_HAL_Driver/Src/stm32f4xx_hal_i2s_ex.o
 .text.HAL_RCC_OscConfig
                0x00000000080034bc      0x4e0 Drivers/STM32F4xx_HAL_Driver/Src/stm32f4xx_hal_rcc.o
                0x00000000080034bc                HAL_RCC_OscConfig
 .text.HAL_RCC_ClockConfig
                0x000000000800399c      0x1cc Drivers/STM32F4xx_HAL_Driver/Src/stm32f4xx_hal_rcc.o
                0x000000000800399c                HAL_RCC_ClockConfig
 .text.HAL_RCC_GetSysClockFreq
                0x0000000008003b68      0x1b0 Drivers/STM32F4xx_HAL_Driver/Src/stm32f4xx_hal_rcc.o
                0x0000000008003b68                HAL_RCC_GetSysClockFreq
 .text.HAL_RCC_GetHCLKFreq
                0x0000000008003d18       0x18 Drivers/STM32F4xx_HAL_Driver/Src/stm32f4xx_hal_rcc.o
                0x0000000008003d18                HAL_RCC_GetHCLKFreq
 .text.HAL_RCC_GetPCLK1Freq
                0x0000000008003d30       0x28 Drivers/STM32F4xx_HAL_Driver/Src/stm32f4xx_hal_rcc.o
                0x0000000008003d30                HAL_RCC_GetPCLK1Freq
 .text.HAL_RCCEx_PeriphCLKConfig
                0x0000000008003d58      0x1c4 Drivers/STM32F4xx_HAL_Driver/Src/stm32f4xx_hal_rcc_ex.o
                0x0000000008003d58                HAL_RCCEx_PeriphCLKConfig
 .text.HAL_RCCEx_GetPeriphCLKConfig
                0x0000000008003f1c       0x58 Drivers/STM32F4xx_HAL_Driver/Src/stm32f4xx_hal_rcc_ex.o
                0x0000000008003f1c                HAL_RCCEx_GetPeriphCLKConfig
 .text.HAL_RCCEx_GetPeriphCLKFreq
                0x0000000008003f74       0xb8 Drivers/STM32F4xx_HAL_Driver/Src/stm32f4xx_hal_rcc_ex.o
                0x0000000008003f74                HAL_RCCEx_GetPeriphCLKFreq
 .text.HAL_SPI_Init
                0x000000000800402c       0xc8 Drivers/STM32F4xx_HAL_Driver/Src/stm32f4xx_hal_spi.o
                0x000000000800402c                HAL_SPI_Init
 .text.USB_EnableGlobalInt
                0x00000000080040f4       0x22 Drivers/STM32F4xx_HAL_Driver/Src/stm32f4xx_ll_usb.o
                0x00000000080040f4                USB_EnableGlobalInt
 .text.USB_DisableGlobalInt
                0x0000000008004116       0x22 Drivers/STM32F4xx_HAL_Driver/Src/stm32f4xx_ll_usb.o
                0x0000000008004116                USB_DisableGlobalInt
 .text.USB_FlushTxFifo
                0x0000000008004138       0x4c Drivers/STM32F4xx_HAL_Driver/Src/stm32f4xx_ll_usb.o
                0x0000000008004138                USB_FlushTxFifo
 .text.USB_FlushRxFifo
                0x0000000008004184       0x44 Drivers/STM32F4xx_HAL_Driver/Src/stm32f4xx_ll_usb.o
                0x0000000008004184                USB_FlushRxFifo
 .text.USB_ReadPacket
                0x00000000080041c8       0x52 Drivers/STM32F4xx_HAL_Driver/Src/stm32f4xx_ll_usb.o
                0x00000000080041c8                USB_ReadPacket
 .text.USB_ReadInterrupts
                0x000000000800421a       0x26 Drivers/STM32F4xx_HAL_Driver/Src/stm32f4xx_ll_usb.o
                0x000000000800421a                USB_ReadInterrupts
 .text.USB_GetMode
                0x0000000008004240       0x1c Drivers/STM32F4xx_HAL_Driver/Src/stm32f4xx_ll_usb.o
                0x0000000008004240                USB_GetMode
 .text.USB_InitFSLSPClkSel
                0x000000000800425c       0x74 Drivers/STM32F4xx_HAL_Driver/Src/stm32f4xx_ll_usb.o
                0x000000000800425c                USB_InitFSLSPClkSel
 .text.USB_DriveVbus
                0x00000000080042d0       0x72 Drivers/STM32F4xx_HAL_Driver/Src/stm32f4xx_ll_usb.o
                0x00000000080042d0                USB_DriveVbus
 .text.USB_HC_ReadInterrupt
                0x0000000008004342       0x22 Drivers/STM32F4xx_HAL_Driver/Src/stm32f4xx_ll_usb.o
                0x0000000008004342                USB_HC_ReadInterrupt
 .text.USB_HC_Halt
                0x0000000008004364      0x1fe Drivers/STM32F4xx_HAL_Driver/Src/stm32f4xx_ll_usb.o
                0x0000000008004364                USB_HC_Halt
 .text.USB_StopHost
                0x0000000008004562      0x10c Drivers/STM32F4xx_HAL_Driver/Src/stm32f4xx_ll_usb.o
                0x0000000008004562                USB_StopHost
 .text.USBH_LL_IncTimer
                0x000000000800466e       0x24 Middlewares/ST/STM32_USB_Host_Library/Core/Src/usbh_core.o
                0x000000000800466e                USBH_LL_IncTimer
 .text.USBH_HandleSof
                0x0000000008004692       0x30 Middlewares/ST/STM32_USB_Host_Library/Core/Src/usbh_core.o
 .text.USBH_LL_PortEnabled
                0x00000000080046c2       0x1c Middlewares/ST/STM32_USB_Host_Library/Core/Src/usbh_core.o
                0x00000000080046c2                USBH_LL_PortEnabled
 .text.USBH_LL_PortDisabled
                0x00000000080046de       0x1c Middlewares/ST/STM32_USB_Host_Library/Core/Src/usbh_core.o
                0x00000000080046de                USBH_LL_PortDisabled
 .text.USBH_LL_Connect
                0x00000000080046fa       0x4c Middlewares/ST/STM32_USB_Host_Library/Core/Src/usbh_core.o
                0x00000000080046fa                USBH_LL_Connect
 .text.USBH_LL_Disconnect
                0x0000000008004746       0x5a Middlewares/ST/STM32_USB_Host_Library/Core/Src/usbh_core.o
                0x0000000008004746                USBH_LL_Disconnect
 .text.USBH_FreePipe
                0x00000000080047a0       0x38 Middlewares/ST/STM32_USB_Host_Library/Core/Src/usbh_pipes.o
                0x00000000080047a0                USBH_FreePipe
 .text.HAL_HCD_SOF_Callback
                0x00000000080047d8       0x1c USB_HOST/Target/usbh_conf.o
                0x00000000080047d8                HAL_HCD_SOF_Callback
 .text.HAL_HCD_Connect_Callback
                0x00000000080047f4       0x1c USB_HOST/Target/usbh_conf.o
                0x00000000080047f4                HAL_HCD_Connect_Callback
 .text.HAL_HCD_Disconnect_Callback
                0x0000000008004810       0x1c USB_HOST/Target/usbh_conf.o
                0x0000000008004810                HAL_HCD_Disconnect_Callback
 .text.HAL_HCD_HC_NotifyURBChange_Callback
                0x000000000800482c       0x1c USB_HOST/Target/usbh_conf.o
                0x000000000800482c                HAL_HCD_HC_NotifyURBChange_Callback
 .text.HAL_HCD_PortEnabled_Callback
                0x0000000008004848       0x1c USB_HOST/Target/usbh_conf.o
                0x0000000008004848                HAL_HCD_PortEnabled_Callback
 .text.HAL_HCD_PortDisabled_Callback
                0x0000000008004864       0x1c USB_HOST/Target/usbh_conf.o
                0x0000000008004864                HAL_HCD_PortDisabled_Callback
 .text.USBH_LL_Start
                0x0000000008004880       0x36 USB_HOST/Target/usbh_conf.o
                0x0000000008004880                USBH_LL_Start
 .text.USBH_LL_Stop
                0x00000000080048b6       0x36 USB_HOST/Target/usbh_conf.o
                0x00000000080048b6                USBH_LL_Stop
 .text.USBH_Get_USB_Status
                0x00000000080048ec       0x58 USB_HOST/Target/usbh_conf.o
                0x00000000080048ec                USBH_Get_USB_Status
 .text.__libc_init_array
                0x0000000008004944       0x48 /home/jaguar/Embedded_Rel/IDEs_Dir/STM32CubeIDE/stm32cube_install_dir/plugins/com.st.stm32cube.ide.mcu.externaltools.gnu-tools-for-stm32.7-2018-q2-update.linux64_1.0.0.201904181610/tools/bin/../lib/gcc/arm-none-eabi/7.3.1/../../../../arm-none-eabi/lib/thumb/v7e-m/fpv4-sp/hard/libc_nano.a(lib_a-init.o)
                0x0000000008004944                __libc_init_array
 .text.memset   0x000000000800498c       0x10 /home/jaguar/Embedded_Rel/IDEs_Dir/STM32CubeIDE/stm32cube_install_dir/plugins/com.st.stm32cube.ide.mcu.externaltools.gnu-tools-for-stm32.7-2018-q2-update.linux64_1.0.0.201904181610/tools/bin/../lib/gcc/arm-none-eabi/7.3.1/../../../../arm-none-eabi/lib/thumb/v7e-m/fpv4-sp/hard/libc_nano.a(lib_a-memset.o)
                0x000000000800498c                memset
 *(.glue_7)
 .glue_7        0x000000000800499c        0x0 linker stubs
 *(.glue_7t)
 .glue_7t       0x000000000800499c        0x0 linker stubs
 *(.eh_frame)
 .eh_frame      0x000000000800499c        0x0 /home/jaguar/Embedded_Rel/IDEs_Dir/STM32CubeIDE/stm32cube_install_dir/plugins/com.st.stm32cube.ide.mcu.externaltools.gnu-tools-for-stm32.7-2018-q2-update.linux64_1.0.0.201904181610/tools/bin/../lib/gcc/arm-none-eabi/7.3.1/thumb/v7e-m/fpv4-sp/hard/crtbegin.o
 *(.init)
 .init          0x000000000800499c        0x4 /home/jaguar/Embedded_Rel/IDEs_Dir/STM32CubeIDE/stm32cube_install_dir/plugins/com.st.stm32cube.ide.mcu.externaltools.gnu-tools-for-stm32.7-2018-q2-update.linux64_1.0.0.201904181610/tools/bin/../lib/gcc/arm-none-eabi/7.3.1/thumb/v7e-m/fpv4-sp/hard/crti.o
                0x000000000800499c                _init
 .init          0x00000000080049a0        0x8 /home/jaguar/Embedded_Rel/IDEs_Dir/STM32CubeIDE/stm32cube_install_dir/plugins/com.st.stm32cube.ide.mcu.externaltools.gnu-tools-for-stm32.7-2018-q2-update.linux64_1.0.0.201904181610/tools/bin/../lib/gcc/arm-none-eabi/7.3.1/thumb/v7e-m/fpv4-sp/hard/crtn.o
 *(.fini)
 .fini          0x00000000080049a8        0x4 /home/jaguar/Embedded_Rel/IDEs_Dir/STM32CubeIDE/stm32cube_install_dir/plugins/com.st.stm32cube.ide.mcu.externaltools.gnu-tools-for-stm32.7-2018-q2-update.linux64_1.0.0.201904181610/tools/bin/../lib/gcc/arm-none-eabi/7.3.1/thumb/v7e-m/fpv4-sp/hard/crti.o
                0x00000000080049a8                _fini
 .fini          0x00000000080049ac        0x8 /home/jaguar/Embedded_Rel/IDEs_Dir/STM32CubeIDE/stm32cube_install_dir/plugins/com.st.stm32cube.ide.mcu.externaltools.gnu-tools-for-stm32.7-2018-q2-update.linux64_1.0.0.201904181610/tools/bin/../lib/gcc/arm-none-eabi/7.3.1/thumb/v7e-m/fpv4-sp/hard/crtn.o
                0x00000000080049b4                . = ALIGN (0x4)
                0x00000000080049b4                _etext = .

.vfp11_veneer   0x00000000080049b4        0x0
 .vfp11_veneer  0x00000000080049b4        0x0 linker stubs

.v4_bx          0x00000000080049b4        0x0
 .v4_bx         0x00000000080049b4        0x0 linker stubs

.iplt           0x00000000080049b4        0x0
 .iplt          0x00000000080049b4        0x0 /home/jaguar/Embedded_Rel/IDEs_Dir/STM32CubeIDE/stm32cube_install_dir/plugins/com.st.stm32cube.ide.mcu.externaltools.gnu-tools-for-stm32.7-2018-q2-update.linux64_1.0.0.201904181610/tools/bin/../lib/gcc/arm-none-eabi/7.3.1/thumb/v7e-m/fpv4-sp/hard/crtbegin.o

.rodata         0x00000000080049b4       0x20
                0x00000000080049b4                . = ALIGN (0x4)
 *(.rodata)
 *(.rodata*)
 .rodata.AHBPrescTable
                0x00000000080049b4       0x10 Core/Src/system_stm32f4xx.o
                0x00000000080049b4                AHBPrescTable
 .rodata.APBPrescTable
                0x00000000080049c4        0x8 Core/Src/system_stm32f4xx.o
                0x00000000080049c4                APBPrescTable
 .rodata.GPIO_PIN
                0x00000000080049cc        0x8 Drivers/BSP/STM32F4-Discovery/stm32f4_discovery.o
                0x00000000080049cc                GPIO_PIN
                0x00000000080049d4                . = ALIGN (0x4)

.ARM.extab      0x00000000080049d4        0x0
                0x00000000080049d4                . = ALIGN (0x4)
 *(.ARM.extab* .gnu.linkonce.armextab.*)
                0x00000000080049d4                . = ALIGN (0x4)

.ARM            0x00000000080049d4        0x8
                0x00000000080049d4                . = ALIGN (0x4)
                0x00000000080049d4                __exidx_start = .
 *(.ARM.exidx*)
 .ARM.exidx     0x00000000080049d4        0x8 /home/jaguar/Embedded_Rel/IDEs_Dir/STM32CubeIDE/stm32cube_install_dir/plugins/com.st.stm32cube.ide.mcu.externaltools.gnu-tools-for-stm32.7-2018-q2-update.linux64_1.0.0.201904181610/tools/bin/../lib/gcc/arm-none-eabi/7.3.1/thumb/v7e-m/fpv4-sp/hard/libgcc.a(_udivmoddi4.o)
                0x00000000080049dc                __exidx_end = .
                0x00000000080049dc                . = ALIGN (0x4)

.rel.dyn        0x00000000080049dc        0x0
 .rel.iplt      0x00000000080049dc        0x0 /home/jaguar/Embedded_Rel/IDEs_Dir/STM32CubeIDE/stm32cube_install_dir/plugins/com.st.stm32cube.ide.mcu.externaltools.gnu-tools-for-stm32.7-2018-q2-update.linux64_1.0.0.201904181610/tools/bin/../lib/gcc/arm-none-eabi/7.3.1/thumb/v7e-m/fpv4-sp/hard/crtbegin.o

.preinit_array  0x00000000080049dc        0x0
                0x00000000080049dc                . = ALIGN (0x4)
                0x00000000080049dc                PROVIDE (__preinit_array_start = .)
 *(.preinit_array*)
                0x00000000080049dc                PROVIDE (__preinit_array_end = .)
                0x00000000080049dc                . = ALIGN (0x4)

.init_array     0x00000000080049dc        0x4
                0x00000000080049dc                . = ALIGN (0x4)
                0x00000000080049dc                PROVIDE (__init_array_start = .)
 *(SORT_BY_NAME(.init_array.*))
 *(.init_array*)
 .init_array    0x00000000080049dc        0x4 /home/jaguar/Embedded_Rel/IDEs_Dir/STM32CubeIDE/stm32cube_install_dir/plugins/com.st.stm32cube.ide.mcu.externaltools.gnu-tools-for-stm32.7-2018-q2-update.linux64_1.0.0.201904181610/tools/bin/../lib/gcc/arm-none-eabi/7.3.1/thumb/v7e-m/fpv4-sp/hard/crtbegin.o
                0x00000000080049e0                PROVIDE (__init_array_end = .)
                0x00000000080049e0                . = ALIGN (0x4)

.fini_array     0x00000000080049e0        0x4
                0x00000000080049e0                . = ALIGN (0x4)
                [!provide]                        PROVIDE (__fini_array_start = .)
 *(SORT_BY_NAME(.fini_array.*))
 *(.fini_array*)
 .fini_array    0x00000000080049e0        0x4 /home/jaguar/Embedded_Rel/IDEs_Dir/STM32CubeIDE/stm32cube_install_dir/plugins/com.st.stm32cube.ide.mcu.externaltools.gnu-tools-for-stm32.7-2018-q2-update.linux64_1.0.0.201904181610/tools/bin/../lib/gcc/arm-none-eabi/7.3.1/thumb/v7e-m/fpv4-sp/hard/crtbegin.o
                [!provide]                        PROVIDE (__fini_array_end = .)
                0x00000000080049e4                . = ALIGN (0x4)
                0x00000000080049e4                _sidata = LOADADDR (.data)

.data           0x0000000020000000       0x1c load address 0x00000000080049e4
                0x0000000020000000                . = ALIGN (0x4)
                0x0000000020000000                _sdata = .
 *(.data)
 *(.data*)
 .data.SystemCoreClock
                0x0000000020000000        0x4 Core/Src/system_stm32f4xx.o
                0x0000000020000000                SystemCoreClock
 .data.GPIO_PORT
                0x0000000020000004       0x10 Drivers/BSP/STM32F4-Discovery/stm32f4_discovery.o
                0x0000000020000004                GPIO_PORT
 .data.uwTickPrio
                0x0000000020000014        0x4 Drivers/STM32F4xx_HAL_Driver/Src/stm32f4xx_hal.o
                0x0000000020000014                uwTickPrio
 .data.uwTickFreq
                0x0000000020000018        0x1 Drivers/STM32F4xx_HAL_Driver/Src/stm32f4xx_hal.o
                0x0000000020000018                uwTickFreq
                0x000000002000001c                . = ALIGN (0x4)
 *fill*         0x0000000020000019        0x3 
                0x000000002000001c                _edata = .

.igot.plt       0x000000002000001c        0x0 load address 0x0000000008004a00
 .igot.plt      0x000000002000001c        0x0 /home/jaguar/Embedded_Rel/IDEs_Dir/STM32CubeIDE/stm32cube_install_dir/plugins/com.st.stm32cube.ide.mcu.externaltools.gnu-tools-for-stm32.7-2018-q2-update.linux64_1.0.0.201904181610/tools/bin/../lib/gcc/arm-none-eabi/7.3.1/thumb/v7e-m/fpv4-sp/hard/crtbegin.o
                0x000000002000001c                . = ALIGN (0x4)

.bss            0x000000002000001c      0xa64 load address 0x0000000008004a00
                0x000000002000001c                _sbss = .
                0x000000002000001c                __bss_start__ = _sbss
 *(.bss)
 .bss           0x000000002000001c       0x1c /home/jaguar/Embedded_Rel/IDEs_Dir/STM32CubeIDE/stm32cube_install_dir/plugins/com.st.stm32cube.ide.mcu.externaltools.gnu-tools-for-stm32.7-2018-q2-update.linux64_1.0.0.201904181610/tools/bin/../lib/gcc/arm-none-eabi/7.3.1/thumb/v7e-m/fpv4-sp/hard/crtbegin.o
 *(.bss*)
 .bss.count.8248
                0x0000000020000038        0x4 Core/Src/stm32f4xx_it.o
 *(COMMON)
 COMMON         0x000000002000003c      0x77c Core/Src/main.o
                0x000000002000003c                hi2c1
                0x0000000020000090                RxBuffer
                0x00000000200006d0                hspi1
                0x0000000020000728                hi2s3
                0x0000000020000770                hAudioInI2s
 COMMON         0x00000000200007b8        0x4 Drivers/STM32F4xx_HAL_Driver/Src/stm32f4xx_hal.o
                0x00000000200007b8                uwTick
 COMMON         0x00000000200007bc      0x2c4 USB_HOST/Target/usbh_conf.o
                0x00000000200007bc                hhcd_USB_OTG_FS
                0x0000000020000a80                . = ALIGN (0x4)
                0x0000000020000a80                _ebss = .
                0x0000000020000a80                __bss_end__ = _ebss

._user_heap_stack
                0x0000000020000a80      0x600 load address 0x0000000008004a00
                0x0000000020000a80                . = ALIGN (0x8)
                0x0000000020000a80                PROVIDE (end = .)
                [!provide]                        PROVIDE (_end = .)
                0x0000000020000c80                . = (. + _Min_Heap_Size)
 *fill*         0x0000000020000a80      0x200 
                0x0000000020001080                . = (. + _Min_Stack_Size)
 *fill*         0x0000000020000c80      0x400 
                0x0000000020001080                . = ALIGN (0x8)

/DISCARD/
 libc.a(*)
 libm.a(*)
 libgcc.a(*)

.ARM.attributes
                0x0000000000000000       0x30
 *(.ARM.attributes)
 .ARM.attributes
                0x0000000000000000       0x22 /home/jaguar/Embedded_Rel/IDEs_Dir/STM32CubeIDE/stm32cube_install_dir/plugins/com.st.stm32cube.ide.mcu.externaltools.gnu-tools-for-stm32.7-2018-q2-update.linux64_1.0.0.201904181610/tools/bin/../lib/gcc/arm-none-eabi/7.3.1/thumb/v7e-m/fpv4-sp/hard/crti.o
 .ARM.attributes
                0x0000000000000022       0x34 /home/jaguar/Embedded_Rel/IDEs_Dir/STM32CubeIDE/stm32cube_install_dir/plugins/com.st.stm32cube.ide.mcu.externaltools.gnu-tools-for-stm32.7-2018-q2-update.linux64_1.0.0.201904181610/tools/bin/../lib/gcc/arm-none-eabi/7.3.1/thumb/v7e-m/fpv4-sp/hard/crtbegin.o
 .ARM.attributes
                0x0000000000000056       0x39 Core/Src/main.o
 .ARM.attributes
                0x000000000000008f       0x39 Core/Src/stm32f4xx_hal_msp.o
 .ARM.attributes
                0x00000000000000c8       0x39 Core/Src/stm32f4xx_it.o
 .ARM.attributes
                0x0000000000000101       0x39 Core/Src/system_stm32f4xx.o
 .ARM.attributes
                0x000000000000013a       0x21 Core/Startup/startup_stm32f407vgtx.o
 .ARM.attributes
                0x000000000000015b       0x39 Drivers/BSP/STM32F4-Discovery/stm32f4_discovery.o
 .ARM.attributes
                0x0000000000000194       0x39 Drivers/STM32F4xx_HAL_Driver/Src/stm32f4xx_hal.o
 .ARM.attributes
                0x00000000000001cd       0x39 Drivers/STM32F4xx_HAL_Driver/Src/stm32f4xx_hal_cortex.o
 .ARM.attributes
                0x0000000000000206       0x39 Drivers/STM32F4xx_HAL_Driver/Src/stm32f4xx_hal_gpio.o
 .ARM.attributes
                0x000000000000023f       0x39 Drivers/STM32F4xx_HAL_Driver/Src/stm32f4xx_hal_hcd.o
 .ARM.attributes
                0x0000000000000278       0x39 Drivers/STM32F4xx_HAL_Driver/Src/stm32f4xx_hal_i2c.o
 .ARM.attributes
                0x00000000000002b1       0x39 Drivers/STM32F4xx_HAL_Driver/Src/stm32f4xx_hal_i2s.o
 .ARM.attributes
                0x00000000000002ea       0x39 Drivers/STM32F4xx_HAL_Driver/Src/stm32f4xx_hal_i2s_ex.o
 .ARM.attributes
                0x0000000000000323       0x39 Drivers/STM32F4xx_HAL_Driver/Src/stm32f4xx_hal_rcc.o
 .ARM.attributes
                0x000000000000035c       0x39 Drivers/STM32F4xx_HAL_Driver/Src/stm32f4xx_hal_rcc_ex.o
 .ARM.attributes
                0x0000000000000395       0x39 Drivers/STM32F4xx_HAL_Driver/Src/stm32f4xx_hal_spi.o
 .ARM.attributes
                0x00000000000003ce       0x39 Drivers/STM32F4xx_HAL_Driver/Src/stm32f4xx_ll_usb.o
 .ARM.attributes
                0x0000000000000407       0x39 Middlewares/ST/STM32_USB_Host_Library/Core/Src/usbh_core.o
 .ARM.attributes
                0x0000000000000440       0x39 Middlewares/ST/STM32_USB_Host_Library/Core/Src/usbh_pipes.o
 .ARM.attributes
                0x0000000000000479       0x39 USB_HOST/Target/usbh_conf.o
 .ARM.attributes
                0x00000000000004b2       0x34 /home/jaguar/Embedded_Rel/IDEs_Dir/STM32CubeIDE/stm32cube_install_dir/plugins/com.st.stm32cube.ide.mcu.externaltools.gnu-tools-for-stm32.7-2018-q2-update.linux64_1.0.0.201904181610/tools/bin/../lib/gcc/arm-none-eabi/7.3.1/../../../../arm-none-eabi/lib/thumb/v7e-m/fpv4-sp/hard/libc_nano.a(lib_a-init.o)
 .ARM.attributes
                0x00000000000004e6       0x34 /home/jaguar/Embedded_Rel/IDEs_Dir/STM32CubeIDE/stm32cube_install_dir/plugins/com.st.stm32cube.ide.mcu.externaltools.gnu-tools-for-stm32.7-2018-q2-update.linux64_1.0.0.201904181610/tools/bin/../lib/gcc/arm-none-eabi/7.3.1/../../../../arm-none-eabi/lib/thumb/v7e-m/fpv4-sp/hard/libc_nano.a(lib_a-memset.o)
 .ARM.attributes
                0x000000000000051a       0x22 /home/jaguar/Embedded_Rel/IDEs_Dir/STM32CubeIDE/stm32cube_install_dir/plugins/com.st.stm32cube.ide.mcu.externaltools.gnu-tools-for-stm32.7-2018-q2-update.linux64_1.0.0.201904181610/tools/bin/../lib/gcc/arm-none-eabi/7.3.1/thumb/v7e-m/fpv4-sp/hard/libgcc.a(_aeabi_uldivmod.o)
 .ARM.attributes
                0x000000000000053c       0x34 /home/jaguar/Embedded_Rel/IDEs_Dir/STM32CubeIDE/stm32cube_install_dir/plugins/com.st.stm32cube.ide.mcu.externaltools.gnu-tools-for-stm32.7-2018-q2-update.linux64_1.0.0.201904181610/tools/bin/../lib/gcc/arm-none-eabi/7.3.1/thumb/v7e-m/fpv4-sp/hard/libgcc.a(_udivmoddi4.o)
 .ARM.attributes
                0x0000000000000570       0x22 /home/jaguar/Embedded_Rel/IDEs_Dir/STM32CubeIDE/stm32cube_install_dir/plugins/com.st.stm32cube.ide.mcu.externaltools.gnu-tools-for-stm32.7-2018-q2-update.linux64_1.0.0.201904181610/tools/bin/../lib/gcc/arm-none-eabi/7.3.1/thumb/v7e-m/fpv4-sp/hard/libgcc.a(_dvmd_tls.o)
 .ARM.attributes
                0x0000000000000592       0x22 /home/jaguar/Embedded_Rel/IDEs_Dir/STM32CubeIDE/stm32cube_install_dir/plugins/com.st.stm32cube.ide.mcu.externaltools.gnu-tools-for-stm32.7-2018-q2-update.linux64_1.0.0.201904181610/tools/bin/../lib/gcc/arm-none-eabi/7.3.1/thumb/v7e-m/fpv4-sp/hard/crtn.o
OUTPUT(Project_Simple.elf elf32-littlearm)

.debug_info     0x0000000000000000    0x14939
 .debug_info    0x0000000000000000     0x1176 Core/Src/main.o
 .debug_info    0x0000000000001176     0x1178 Core/Src/stm32f4xx_hal_msp.o
 .debug_info    0x00000000000022ee      0xb70 Core/Src/stm32f4xx_it.o
 .debug_info    0x0000000000002e5e      0x554 Core/Src/system_stm32f4xx.o
 .debug_info    0x00000000000033b2       0x22 Core/Startup/startup_stm32f407vgtx.o
 .debug_info    0x00000000000033d4     0x14b4 Drivers/BSP/STM32F4-Discovery/stm32f4_discovery.o
 .debug_info    0x0000000000004888      0x945 Drivers/STM32F4xx_HAL_Driver/Src/stm32f4xx_hal.o
 .debug_info    0x00000000000051cd      0xe28 Drivers/STM32F4xx_HAL_Driver/Src/stm32f4xx_hal_cortex.o
 .debug_info    0x0000000000005ff5      0x7b5 Drivers/STM32F4xx_HAL_Driver/Src/stm32f4xx_hal_gpio.o
 .debug_info    0x00000000000067aa      0xe39 Drivers/STM32F4xx_HAL_Driver/Src/stm32f4xx_hal_hcd.o
 .debug_info    0x00000000000075e3     0x23b5 Drivers/STM32F4xx_HAL_Driver/Src/stm32f4xx_hal_i2c.o
 .debug_info    0x0000000000009998      0xddf Drivers/STM32F4xx_HAL_Driver/Src/stm32f4xx_hal_i2s.o
 .debug_info    0x000000000000a777      0xb76 Drivers/STM32F4xx_HAL_Driver/Src/stm32f4xx_hal_i2s_ex.o
 .debug_info    0x000000000000b2ed      0x904 Drivers/STM32F4xx_HAL_Driver/Src/stm32f4xx_hal_rcc.o
 .debug_info    0x000000000000bbf1      0x5ae Drivers/STM32F4xx_HAL_Driver/Src/stm32f4xx_hal_rcc_ex.o
 .debug_info    0x000000000000c19f     0x163a Drivers/STM32F4xx_HAL_Driver/Src/stm32f4xx_hal_spi.o
 .debug_info    0x000000000000d7d9     0x18dd Drivers/STM32F4xx_HAL_Driver/Src/stm32f4xx_ll_usb.o
 .debug_info    0x000000000000f0b6     0x1aef Middlewares/ST/STM32_USB_Host_Library/Core/Src/usbh_core.o
 .debug_info    0x0000000000010ba5     0x176d Middlewares/ST/STM32_USB_Host_Library/Core/Src/usbh_pipes.o
 .debug_info    0x0000000000012312     0x2627 USB_HOST/Target/usbh_conf.o

.debug_abbrev   0x0000000000000000     0x2a9c
 .debug_abbrev  0x0000000000000000      0x20a Core/Src/main.o
 .debug_abbrev  0x000000000000020a      0x1cd Core/Src/stm32f4xx_hal_msp.o
 .debug_abbrev  0x00000000000003d7      0x1b9 Core/Src/stm32f4xx_it.o
 .debug_abbrev  0x0000000000000590      0x12b Core/Src/system_stm32f4xx.o
 .debug_abbrev  0x00000000000006bb       0x12 Core/Startup/startup_stm32f407vgtx.o
 .debug_abbrev  0x00000000000006cd      0x27a Drivers/BSP/STM32F4-Discovery/stm32f4_discovery.o
 .debug_abbrev  0x0000000000000947      0x1c7 Drivers/STM32F4xx_HAL_Driver/Src/stm32f4xx_hal.o
 .debug_abbrev  0x0000000000000b0e      0x2fa Drivers/STM32F4xx_HAL_Driver/Src/stm32f4xx_hal_cortex.o
 .debug_abbrev  0x0000000000000e08      0x1c9 Drivers/STM32F4xx_HAL_Driver/Src/stm32f4xx_hal_gpio.o
 .debug_abbrev  0x0000000000000fd1      0x255 Drivers/STM32F4xx_HAL_Driver/Src/stm32f4xx_hal_hcd.o
 .debug_abbrev  0x0000000000001226      0x254 Drivers/STM32F4xx_HAL_Driver/Src/stm32f4xx_hal_i2c.o
 .debug_abbrev  0x000000000000147a      0x21b Drivers/STM32F4xx_HAL_Driver/Src/stm32f4xx_hal_i2s.o
 .debug_abbrev  0x0000000000001695      0x246 Drivers/STM32F4xx_HAL_Driver/Src/stm32f4xx_hal_i2s_ex.o
 .debug_abbrev  0x00000000000018db      0x245 Drivers/STM32F4xx_HAL_Driver/Src/stm32f4xx_hal_rcc.o
 .debug_abbrev  0x0000000000001b20      0x173 Drivers/STM32F4xx_HAL_Driver/Src/stm32f4xx_hal_rcc_ex.o
 .debug_abbrev  0x0000000000001c93      0x240 Drivers/STM32F4xx_HAL_Driver/Src/stm32f4xx_hal_spi.o
 .debug_abbrev  0x0000000000001ed3      0x26d Drivers/STM32F4xx_HAL_Driver/Src/stm32f4xx_ll_usb.o
 .debug_abbrev  0x0000000000002140      0x362 Middlewares/ST/STM32_USB_Host_Library/Core/Src/usbh_core.o
 .debug_abbrev  0x00000000000024a2      0x2b1 Middlewares/ST/STM32_USB_Host_Library/Core/Src/usbh_pipes.o
 .debug_abbrev  0x0000000000002753      0x349 USB_HOST/Target/usbh_conf.o

.debug_aranges  0x0000000000000000      0xfc8
 .debug_aranges
                0x0000000000000000       0x58 Core/Src/main.o
 .debug_aranges
                0x0000000000000058       0x50 Core/Src/stm32f4xx_hal_msp.o
 .debug_aranges
                0x00000000000000a8       0x70 Core/Src/stm32f4xx_it.o
 .debug_aranges
                0x0000000000000118       0x28 Core/Src/system_stm32f4xx.o
 .debug_aranges
                0x0000000000000140       0x28 Core/Startup/startup_stm32f407vgtx.o
 .debug_aranges
                0x0000000000000168       0xd8 Drivers/BSP/STM32F4-Discovery/stm32f4_discovery.o
 .debug_aranges
                0x0000000000000240       0xf0 Drivers/STM32F4xx_HAL_Driver/Src/stm32f4xx_hal.o
 .debug_aranges
                0x0000000000000330      0x118 Drivers/STM32F4xx_HAL_Driver/Src/stm32f4xx_hal_cortex.o
 .debug_aranges
                0x0000000000000448       0x58 Drivers/STM32F4xx_HAL_Driver/Src/stm32f4xx_hal_gpio.o
 .debug_aranges
                0x00000000000004a0       0xf0 Drivers/STM32F4xx_HAL_Driver/Src/stm32f4xx_hal_hcd.o
 .debug_aranges
                0x0000000000000590      0x298 Drivers/STM32F4xx_HAL_Driver/Src/stm32f4xx_hal_i2c.o
 .debug_aranges
                0x0000000000000828      0x108 Drivers/STM32F4xx_HAL_Driver/Src/stm32f4xx_hal_i2s.o
 .debug_aranges
                0x0000000000000930       0x88 Drivers/STM32F4xx_HAL_Driver/Src/stm32f4xx_hal_i2s_ex.o
 .debug_aranges
                0x00000000000009b8       0x88 Drivers/STM32F4xx_HAL_Driver/Src/stm32f4xx_hal_rcc.o
 .debug_aranges
                0x0000000000000a40       0x48 Drivers/STM32F4xx_HAL_Driver/Src/stm32f4xx_hal_rcc_ex.o
 .debug_aranges
                0x0000000000000a88      0x1d0 Drivers/STM32F4xx_HAL_Driver/Src/stm32f4xx_hal_spi.o
 .debug_aranges
                0x0000000000000c58      0x198 Drivers/STM32F4xx_HAL_Driver/Src/stm32f4xx_ll_usb.o
 .debug_aranges
                0x0000000000000df0       0xc0 Middlewares/ST/STM32_USB_Host_Library/Core/Src/usbh_core.o
 .debug_aranges
                0x0000000000000eb0       0x40 Middlewares/ST/STM32_USB_Host_Library/Core/Src/usbh_pipes.o
 .debug_aranges
                0x0000000000000ef0       0xd8 USB_HOST/Target/usbh_conf.o

.debug_ranges   0x0000000000000000      0xeb0
 .debug_ranges  0x0000000000000000       0x48 Core/Src/main.o
 .debug_ranges  0x0000000000000048       0x40 Core/Src/stm32f4xx_hal_msp.o
 .debug_ranges  0x0000000000000088       0x60 Core/Src/stm32f4xx_it.o
 .debug_ranges  0x00000000000000e8       0x18 Core/Src/system_stm32f4xx.o
 .debug_ranges  0x0000000000000100       0x20 Core/Startup/startup_stm32f407vgtx.o
 .debug_ranges  0x0000000000000120       0xc8 Drivers/BSP/STM32F4-Discovery/stm32f4_discovery.o
 .debug_ranges  0x00000000000001e8       0xe0 Drivers/STM32F4xx_HAL_Driver/Src/stm32f4xx_hal.o
 .debug_ranges  0x00000000000002c8      0x108 Drivers/STM32F4xx_HAL_Driver/Src/stm32f4xx_hal_cortex.o
 .debug_ranges  0x00000000000003d0       0x48 Drivers/STM32F4xx_HAL_Driver/Src/stm32f4xx_hal_gpio.o
 .debug_ranges  0x0000000000000418       0xe0 Drivers/STM32F4xx_HAL_Driver/Src/stm32f4xx_hal_hcd.o
 .debug_ranges  0x00000000000004f8      0x2a8 Drivers/STM32F4xx_HAL_Driver/Src/stm32f4xx_hal_i2c.o
 .debug_ranges  0x00000000000007a0       0xf8 Drivers/STM32F4xx_HAL_Driver/Src/stm32f4xx_hal_i2s.o
 .debug_ranges  0x0000000000000898       0x78 Drivers/STM32F4xx_HAL_Driver/Src/stm32f4xx_hal_i2s_ex.o
 .debug_ranges  0x0000000000000910       0x78 Drivers/STM32F4xx_HAL_Driver/Src/stm32f4xx_hal_rcc.o
 .debug_ranges  0x0000000000000988       0x38 Drivers/STM32F4xx_HAL_Driver/Src/stm32f4xx_hal_rcc_ex.o
 .debug_ranges  0x00000000000009c0      0x1c0 Drivers/STM32F4xx_HAL_Driver/Src/stm32f4xx_hal_spi.o
 .debug_ranges  0x0000000000000b80      0x188 Drivers/STM32F4xx_HAL_Driver/Src/stm32f4xx_ll_usb.o
 .debug_ranges  0x0000000000000d08       0xb0 Middlewares/ST/STM32_USB_Host_Library/Core/Src/usbh_core.o
 .debug_ranges  0x0000000000000db8       0x30 Middlewares/ST/STM32_USB_Host_Library/Core/Src/usbh_pipes.o
 .debug_ranges  0x0000000000000de8       0xc8 USB_HOST/Target/usbh_conf.o

.debug_macro    0x0000000000000000    0x21a0e
 .debug_macro   0x0000000000000000      0x228 Core/Src/main.o
 .debug_macro   0x0000000000000228      0xa5a Core/Src/main.o
 .debug_macro   0x0000000000000c82      0x196 Core/Src/main.o
 .debug_macro   0x0000000000000e18       0x32 Core/Src/main.o
 .debug_macro   0x0000000000000e4a       0x2f Core/Src/main.o
 .debug_macro   0x0000000000000e79       0x22 Core/Src/main.o
 .debug_macro   0x0000000000000e9b       0x8e Core/Src/main.o
 .debug_macro   0x0000000000000f29       0x51 Core/Src/main.o
 .debug_macro   0x0000000000000f7a       0xef Core/Src/main.o
 .debug_macro   0x0000000000001069       0x6a Core/Src/main.o
 .debug_macro   0x00000000000010d3      0x1df Core/Src/main.o
 .debug_macro   0x00000000000012b2       0x1c Core/Src/main.o
 .debug_macro   0x00000000000012ce       0x22 Core/Src/main.o
 .debug_macro   0x00000000000012f0       0xdf Core/Src/main.o
 .debug_macro   0x00000000000013cf     0x102d Core/Src/main.o
 .debug_macro   0x00000000000023fc      0x11f Core/Src/main.o
 .debug_macro   0x000000000000251b    0x15e3c Core/Src/main.o
 .debug_macro   0x0000000000018357       0x43 Core/Src/main.o
 .debug_macro   0x000000000001839a     0x3652 Core/Src/main.o
 .debug_macro   0x000000000001b9ec      0x174 Core/Src/main.o
 .debug_macro   0x000000000001bb60       0x5a Core/Src/main.o
 .debug_macro   0x000000000001bbba      0x96b Core/Src/main.o
 .debug_macro   0x000000000001c525      0x9fe Core/Src/main.o
 .debug_macro   0x000000000001cf23      0x174 Core/Src/main.o
 .debug_macro   0x000000000001d097      0x117 Core/Src/main.o
 .debug_macro   0x000000000001d1ae      0x13e Core/Src/main.o
 .debug_macro   0x000000000001d2ec       0x27 Core/Src/main.o
 .debug_macro   0x000000000001d313      0x287 Core/Src/main.o
 .debug_macro   0x000000000001d59a       0x5f Core/Src/main.o
 .debug_macro   0x000000000001d5f9      0x236 Core/Src/main.o
 .debug_macro   0x000000000001d82f      0x12c Core/Src/main.o
 .debug_macro   0x000000000001d95b      0x21e Core/Src/main.o
 .debug_macro   0x000000000001db79       0x2e Core/Src/main.o
 .debug_macro   0x000000000001dba7      0x1b5 Core/Src/main.o
 .debug_macro   0x000000000001dd5c       0xd6 Core/Src/main.o
 .debug_macro   0x000000000001de32      0x199 Core/Src/main.o
 .debug_macro   0x000000000001dfcb       0x40 Core/Src/main.o
 .debug_macro   0x000000000001e00b       0x4a Core/Src/main.o
 .debug_macro   0x000000000001e055      0x11a Core/Src/main.o
 .debug_macro   0x000000000001e16f       0x7e Core/Src/main.o
 .debug_macro   0x000000000001e1ed       0x89 Core/Src/main.o
 .debug_macro   0x000000000001e276      0x225 Core/Src/main.o
 .debug_macro   0x000000000001e49b      0x225 Core/Src/main.o
 .debug_macro   0x000000000001e6c0       0x68 Core/Src/main.o
 .debug_macro   0x000000000001e728      0x12d Core/Src/main.o
 .debug_macro   0x000000000001e855      0x1e7 Core/Src/main.o
 .debug_macro   0x000000000001ea3c      0x199 Core/Src/main.o
 .debug_macro   0x000000000001ebd5      0x21e Core/Src/stm32f4xx_hal_msp.o
 .debug_macro   0x000000000001edf3      0x228 Core/Src/stm32f4xx_it.o
 .debug_macro   0x000000000001f01b      0x20c Core/Src/system_stm32f4xx.o
 .debug_macro   0x000000000001f227      0x233 Drivers/BSP/STM32F4-Discovery/stm32f4_discovery.o
 .debug_macro   0x000000000001f45a      0x1e1 Drivers/BSP/STM32F4-Discovery/stm32f4_discovery.o
 .debug_macro   0x000000000001f63b      0x266 Drivers/STM32F4xx_HAL_Driver/Src/stm32f4xx_hal.o
 .debug_macro   0x000000000001f8a1      0x206 Drivers/STM32F4xx_HAL_Driver/Src/stm32f4xx_hal_cortex.o
 .debug_macro   0x000000000001faa7      0x23c Drivers/STM32F4xx_HAL_Driver/Src/stm32f4xx_hal_gpio.o
 .debug_macro   0x000000000001fce3      0x206 Drivers/STM32F4xx_HAL_Driver/Src/stm32f4xx_hal_hcd.o
 .debug_macro   0x000000000001fee9      0x246 Drivers/STM32F4xx_HAL_Driver/Src/stm32f4xx_hal_i2c.o
 .debug_macro   0x000000000002012f      0x207 Drivers/STM32F4xx_HAL_Driver/Src/stm32f4xx_hal_i2s.o
 .debug_macro   0x0000000000020336      0x206 Drivers/STM32F4xx_HAL_Driver/Src/stm32f4xx_hal_i2s_ex.o
 .debug_macro   0x000000000002053c      0x22a Drivers/STM32F4xx_HAL_Driver/Src/stm32f4xx_hal_rcc.o
 .debug_macro   0x0000000000020766      0x206 Drivers/STM32F4xx_HAL_Driver/Src/stm32f4xx_hal_rcc_ex.o
 .debug_macro   0x000000000002096c      0x215 Drivers/STM32F4xx_HAL_Driver/Src/stm32f4xx_hal_spi.o
 .debug_macro   0x0000000000020b81      0x206 Drivers/STM32F4xx_HAL_Driver/Src/stm32f4xx_ll_usb.o
 .debug_macro   0x0000000000020d87      0x431 Middlewares/ST/STM32_USB_Host_Library/Core/Src/usbh_core.o
 .debug_macro   0x00000000000211b8      0x423 Middlewares/ST/STM32_USB_Host_Library/Core/Src/usbh_pipes.o
 .debug_macro   0x00000000000215db      0x433 USB_HOST/Target/usbh_conf.o

.debug_line     0x0000000000000000     0xeb44
 .debug_line    0x0000000000000000      0x97d Core/Src/main.o
 .debug_line    0x000000000000097d      0x8ec Core/Src/stm32f4xx_hal_msp.o
 .debug_line    0x0000000000001269      0x918 Core/Src/stm32f4xx_it.o
 .debug_line    0x0000000000001b81      0x7c1 Core/Src/system_stm32f4xx.o
 .debug_line    0x0000000000002342       0x86 Core/Startup/startup_stm32f407vgtx.o
 .debug_line    0x00000000000023c8      0xa09 Drivers/BSP/STM32F4-Discovery/stm32f4_discovery.o
 .debug_line    0x0000000000002dd1      0x9ab Drivers/STM32F4xx_HAL_Driver/Src/stm32f4xx_hal.o
 .debug_line    0x000000000000377c      0xacf Drivers/STM32F4xx_HAL_Driver/Src/stm32f4xx_hal_cortex.o
 .debug_line    0x000000000000424b      0x98a Drivers/STM32F4xx_HAL_Driver/Src/stm32f4xx_hal_gpio.o
 .debug_line    0x0000000000004bd5      0xc29 Drivers/STM32F4xx_HAL_Driver/Src/stm32f4xx_hal_hcd.o
 .debug_line    0x00000000000057fe     0x1be5 Drivers/STM32F4xx_HAL_Driver/Src/stm32f4xx_hal_i2c.o
 .debug_line    0x00000000000073e3      0xd63 Drivers/STM32F4xx_HAL_Driver/Src/stm32f4xx_hal_i2s.o
 .debug_line    0x0000000000008146      0xf75 Drivers/STM32F4xx_HAL_Driver/Src/stm32f4xx_hal_i2s_ex.o
 .debug_line    0x00000000000090bb      0xa03 Drivers/STM32F4xx_HAL_Driver/Src/stm32f4xx_hal_rcc.o
 .debug_line    0x0000000000009abe      0x8cc Drivers/STM32F4xx_HAL_Driver/Src/stm32f4xx_hal_rcc_ex.o
 .debug_line    0x000000000000a38a     0x115e Drivers/STM32F4xx_HAL_Driver/Src/stm32f4xx_hal_spi.o
 .debug_line    0x000000000000b4e8      0xecd Drivers/STM32F4xx_HAL_Driver/Src/stm32f4xx_ll_usb.o
 .debug_line    0x000000000000c3b5      0xe85 Middlewares/ST/STM32_USB_Host_Library/Core/Src/usbh_core.o
 .debug_line    0x000000000000d23a      0xbb8 Middlewares/ST/STM32_USB_Host_Library/Core/Src/usbh_pipes.o
 .debug_line    0x000000000000ddf2      0xd52 USB_HOST/Target/usbh_conf.o

.debug_str      0x0000000000000000    0xca2a1
 .debug_str     0x0000000000000000    0xc091c Core/Src/main.o
                                      0xc0c6e (size before relaxing)
 .debug_str     0x00000000000c091c      0x53d Core/Src/stm32f4xx_hal_msp.o
                                      0xc0f47 (size before relaxing)
 .debug_str     0x00000000000c0e59      0x44d Core/Src/stm32f4xx_it.o
                                      0xc091c (size before relaxing)
 .debug_str     0x00000000000c12a6       0xc4 Core/Src/system_stm32f4xx.o
                                      0xbee82 (size before relaxing)
 .debug_str     0x00000000000c136a       0x36 Core/Startup/startup_stm32f407vgtx.o
                                         0xad (size before relaxing)
 .debug_str     0x00000000000c13a0      0x41f Drivers/BSP/STM32F4-Discovery/stm32f4_discovery.o
                                      0xc0b62 (size before relaxing)
 .debug_str     0x00000000000c17bf      0x57b Drivers/STM32F4xx_HAL_Driver/Src/stm32f4xx_hal.o
                                      0xbf94f (size before relaxing)
 .debug_str     0x00000000000c1d3a      0x388 Drivers/STM32F4xx_HAL_Driver/Src/stm32f4xx_hal_cortex.o
                                      0xbf73e (size before relaxing)
 .debug_str     0x00000000000c20c2      0x20c Drivers/STM32F4xx_HAL_Driver/Src/stm32f4xx_hal_gpio.o
                                      0xbf0c1 (size before relaxing)
 .debug_str     0x00000000000c22ce      0x3c2 Drivers/STM32F4xx_HAL_Driver/Src/stm32f4xx_hal_hcd.o
                                      0xbf4dc (size before relaxing)
 .debug_str     0x00000000000c2690      0xa6e Drivers/STM32F4xx_HAL_Driver/Src/stm32f4xx_hal_i2c.o
                                      0xbfdcb (size before relaxing)
 .debug_str     0x00000000000c30fe      0x266 Drivers/STM32F4xx_HAL_Driver/Src/stm32f4xx_hal_i2s.o
                                      0xbf420 (size before relaxing)
 .debug_str     0x00000000000c3364      0x1f1 Drivers/STM32F4xx_HAL_Driver/Src/stm32f4xx_hal_i2s_ex.o
                                      0xbf374 (size before relaxing)
 .debug_str     0x00000000000c3555      0x24e Drivers/STM32F4xx_HAL_Driver/Src/stm32f4xx_hal_rcc.o
                                      0xbf26f (size before relaxing)
 .debug_str     0x00000000000c37a3      0x113 Drivers/STM32F4xx_HAL_Driver/Src/stm32f4xx_hal_rcc_ex.o
                                      0xbefb7 (size before relaxing)
 .debug_str     0x00000000000c38b6      0x520 Drivers/STM32F4xx_HAL_Driver/Src/stm32f4xx_hal_spi.o
                                      0xbf6f0 (size before relaxing)
 .debug_str     0x00000000000c3dd6      0x62b Drivers/STM32F4xx_HAL_Driver/Src/stm32f4xx_ll_usb.o
                                      0xbf756 (size before relaxing)
 .debug_str     0x00000000000c4401     0x5c0b Middlewares/ST/STM32_USB_Host_Library/Core/Src/usbh_core.o
                                      0xc618b (size before relaxing)
 .debug_str     0x00000000000ca00c       0xa0 Middlewares/ST/STM32_USB_Host_Library/Core/Src/usbh_pipes.o
                                      0xc5fb9 (size before relaxing)
 .debug_str     0x00000000000ca0ac      0x1f5 USB_HOST/Target/usbh_conf.o
                                      0xc6c9f (size before relaxing)

.comment        0x0000000000000000       0x7b
 .comment       0x0000000000000000       0x7b Core/Src/main.o
                                         0x7c (size before relaxing)
 .comment       0x000000000000007b       0x7c Core/Src/stm32f4xx_hal_msp.o
 .comment       0x000000000000007b       0x7c Core/Src/stm32f4xx_it.o
 .comment       0x000000000000007b       0x7c Core/Src/system_stm32f4xx.o
 .comment       0x000000000000007b       0x7c Drivers/BSP/STM32F4-Discovery/stm32f4_discovery.o
 .comment       0x000000000000007b       0x7c Drivers/STM32F4xx_HAL_Driver/Src/stm32f4xx_hal.o
 .comment       0x000000000000007b       0x7c Drivers/STM32F4xx_HAL_Driver/Src/stm32f4xx_hal_cortex.o
 .comment       0x000000000000007b       0x7c Drivers/STM32F4xx_HAL_Driver/Src/stm32f4xx_hal_gpio.o
 .comment       0x000000000000007b       0x7c Drivers/STM32F4xx_HAL_Driver/Src/stm32f4xx_hal_hcd.o
 .comment       0x000000000000007b       0x7c Drivers/STM32F4xx_HAL_Driver/Src/stm32f4xx_hal_i2c.o
 .comment       0x000000000000007b       0x7c Drivers/STM32F4xx_HAL_Driver/Src/stm32f4xx_hal_i2s.o
 .comment       0x000000000000007b       0x7c Drivers/STM32F4xx_HAL_Driver/Src/stm32f4xx_hal_i2s_ex.o
 .comment       0x000000000000007b       0x7c Drivers/STM32F4xx_HAL_Driver/Src/stm32f4xx_hal_rcc.o
 .comment       0x000000000000007b       0x7c Drivers/STM32F4xx_HAL_Driver/Src/stm32f4xx_hal_rcc_ex.o
 .comment       0x000000000000007b       0x7c Drivers/STM32F4xx_HAL_Driver/Src/stm32f4xx_hal_spi.o
 .comment       0x000000000000007b       0x7c Drivers/STM32F4xx_HAL_Driver/Src/stm32f4xx_ll_usb.o
 .comment       0x000000000000007b       0x7c Middlewares/ST/STM32_USB_Host_Library/Core/Src/usbh_core.o
 .comment       0x000000000000007b       0x7c Middlewares/ST/STM32_USB_Host_Library/Core/Src/usbh_pipes.o
 .comment       0x000000000000007b       0x7c USB_HOST/Target/usbh_conf.o

.debug_frame    0x0000000000000000     0x4228
 .debug_frame   0x0000000000000000      0x10c Core/Src/main.o
 .debug_frame   0x000000000000010c      0x110 Core/Src/stm32f4xx_hal_msp.o
 .debug_frame   0x000000000000021c      0x144 Core/Src/stm32f4xx_it.o
 .debug_frame   0x0000000000000360       0x58 Core/Src/system_stm32f4xx.o
 .debug_frame   0x00000000000003b8      0x350 Drivers/BSP/STM32F4-Discovery/stm32f4_discovery.o
 .debug_frame   0x0000000000000708      0x374 Drivers/STM32F4xx_HAL_Driver/Src/stm32f4xx_hal.o
 .debug_frame   0x0000000000000a7c      0x498 Drivers/STM32F4xx_HAL_Driver/Src/stm32f4xx_hal_cortex.o
 .debug_frame   0x0000000000000f14      0x14c Drivers/STM32F4xx_HAL_Driver/Src/stm32f4xx_hal_gpio.o
 .debug_frame   0x0000000000001060      0x428 Drivers/STM32F4xx_HAL_Driver/Src/stm32f4xx_hal_hcd.o
 .debug_frame   0x0000000000001488      0xc38 Drivers/STM32F4xx_HAL_Driver/Src/stm32f4xx_hal_i2c.o
 .debug_frame   0x00000000000020c0      0x480 Drivers/STM32F4xx_HAL_Driver/Src/stm32f4xx_hal_i2s.o
 .debug_frame   0x0000000000002540      0x220 Drivers/STM32F4xx_HAL_Driver/Src/stm32f4xx_hal_i2s_ex.o
 .debug_frame   0x0000000000002760      0x1f0 Drivers/STM32F4xx_HAL_Driver/Src/stm32f4xx_hal_rcc.o
 .debug_frame   0x0000000000002950       0xf0 Drivers/STM32F4xx_HAL_Driver/Src/stm32f4xx_hal_rcc_ex.o
 .debug_frame   0x0000000000002a40      0x824 Drivers/STM32F4xx_HAL_Driver/Src/stm32f4xx_hal_spi.o
 .debug_frame   0x0000000000003264      0x790 Drivers/STM32F4xx_HAL_Driver/Src/stm32f4xx_ll_usb.o
 .debug_frame   0x00000000000039f4      0x334 Middlewares/ST/STM32_USB_Host_Library/Core/Src/usbh_core.o
 .debug_frame   0x0000000000003d28       0xcc Middlewares/ST/STM32_USB_Host_Library/Core/Src/usbh_pipes.o
 .debug_frame   0x0000000000003df4      0x388 USB_HOST/Target/usbh_conf.o
 .debug_frame   0x000000000000417c       0x2c /home/jaguar/Embedded_Rel/IDEs_Dir/STM32CubeIDE/stm32cube_install_dir/plugins/com.st.stm32cube.ide.mcu.externaltools.gnu-tools-for-stm32.7-2018-q2-update.linux64_1.0.0.201904181610/tools/bin/../lib/gcc/arm-none-eabi/7.3.1/../../../../arm-none-eabi/lib/thumb/v7e-m/fpv4-sp/hard/libc_nano.a(lib_a-init.o)
 .debug_frame   0x00000000000041a8       0x20 /home/jaguar/Embedded_Rel/IDEs_Dir/STM32CubeIDE/stm32cube_install_dir/plugins/com.st.stm32cube.ide.mcu.externaltools.gnu-tools-for-stm32.7-2018-q2-update.linux64_1.0.0.201904181610/tools/bin/../lib/gcc/arm-none-eabi/7.3.1/../../../../arm-none-eabi/lib/thumb/v7e-m/fpv4-sp/hard/libc_nano.a(lib_a-memset.o)
 .debug_frame   0x00000000000041c8       0x2c /home/jaguar/Embedded_Rel/IDEs_Dir/STM32CubeIDE/stm32cube_install_dir/plugins/com.st.stm32cube.ide.mcu.externaltools.gnu-tools-for-stm32.7-2018-q2-update.linux64_1.0.0.201904181610/tools/bin/../lib/gcc/arm-none-eabi/7.3.1/thumb/v7e-m/fpv4-sp/hard/libgcc.a(_aeabi_uldivmod.o)
 .debug_frame   0x00000000000041f4       0x34 /home/jaguar/Embedded_Rel/IDEs_Dir/STM32CubeIDE/stm32cube_install_dir/plugins/com.st.stm32cube.ide.mcu.externaltools.gnu-tools-for-stm32.7-2018-q2-update.linux64_1.0.0.201904181610/tools/bin/../lib/gcc/arm-none-eabi/7.3.1/thumb/v7e-m/fpv4-sp/hard/libgcc.a(_udivmoddi4.o)
